// Jest Snapshot v1, https://goo.gl/fbAQLP

exports[`Button tests renders correctly 1`] = `
<View
  accessible={true}
  focusable={true}
  isTVSelectable={true}
  onClick={[Function]}
  onResponderGrant={[Function]}
  onResponderMove={[Function]}
  onResponderRelease={[Function]}
  onResponderTerminate={[Function]}
  onResponderTerminationRequest={[Function]}
  onStartShouldSetResponder={[Function]}
  style={
    Object {
      "backgroundColor": "#123456",
      "borderRadius": 30,
      "height": 55,
      "opacity": 1,
      "width": 150,
    }
  }
  testID=""
>
  <View
    style={
      Object {
        "alignItems": "center",
        "flex": 1,
        "flexDirection": "row",
        "justifyContent": "center",
      }
    }
  >
    <Text
      style={
        Array [
          Object {
            "color": "white",
            "fontSize": 16,
          },
          null,
        ]
      }
    >
      Butao
    </Text>
  </View>
</View>
`;
