// Jest Snapshot v1, https://goo.gl/fbAQLP

exports[`TabHeader tests renders correctly 1`] = `
<View
  style={
    Object {
      "alignItems": "center",
      "backgroundColor": "#123456",
      "height": 90,
      "justifyContent": "center",
    }
  }
>
  <Text
    style={
      Object {
        "color": "white",
        "fontSize": 28,
        "fontWeight": "bold",
      }
    }
    testID="perfilHeader"
  >
    Perfil
  </Text>
  <View
    accessible={true}
    focusable={true}
    isTVSelectable={true}
    onClick={[Function]}
    onResponderGrant={[Function]}
    onResponderMove={[Function]}
    onResponderRelease={[Function]}
    onResponderTerminate={[Function]}
    onResponderTerminationRequest={[Function]}
    onStartShouldSetResponder={[Function]}
    style={
      Object {
        "opacity": 1,
        "position": "absolute",
        "right": 20,
        "top": 30,
      }
    }
    testID="logoutButton"
  >
    <Text
      allowFontScaling={false}
      style={
        Array [
          Object {
            "color": "white",
            "fontSize": 30,
          },
          undefined,
          Object {
            "fontFamily": "Material Design Icons",
            "fontStyle": "normal",
            "fontWeight": "normal",
          },
          Object {},
        ]
      }
    >
      
    </Text>
  </View>
</View>
`;
