// Jest Snapshot v1, https://goo.gl/fbAQLP

exports[`AuthScreen tests renders correctly 1`] = `
<View
  style={
    Object {
      "flex": 1,
    }
  }
>
  <View
    style={
      Object {
        "alignItems": "center",
        "backgroundColor": "#123456",
        "height": "30%",
        "justifyContent": "center",
      }
    }
  >
    <Text
      style={
        Object {
          "color": "white",
          "fontSize": 36,
          "fontWeight": "bold",
        }
      }
    >
      Reqres.in
    </Text>
  </View>
  <View
    style={
      Object {
        "alignItems": "center",
        "justifyContent": "center",
        "margin": 20,
      }
    }
  >
    <View
      style={
        Array [
          Object {
            "alignItems": "center",
            "borderColor": "gray",
            "borderRadius": 10,
            "borderWidth": 1,
            "flexDirection": "row",
            "margin": 10,
            "width": 600,
          },
          Object {
            "borderColor": "gray",
          },
        ]
      }
    >
      <Text
        allowFontScaling={false}
        style={
          Array [
            Object {
              "color": "gray",
              "fontSize": 30,
            },
            Object {
              "marginLeft": 10,
            },
            Object {
              "fontFamily": "Material Design Icons",
              "fontStyle": "normal",
              "fontWeight": "normal",
            },
            Object {},
          ]
        }
      >
        
      </Text>
      <TextInput
        allowFontScaling={true}
        autoCompleteType="email"
        keyboardType="email-address"
        onChangeText={[Function]}
        placeholder="Email"
        rejectResponderTermination={true}
        style={
          Object {
            "flex": 1,
            "fontSize": 18,
            "padding": 10,
          }
        }
        testID="emailInput"
        underlineColorAndroid="transparent"
        value=""
      />
    </View>
    <View
      style={
        Array [
          Object {
            "alignItems": "center",
            "borderRadius": 10,
            "borderWidth": 1,
            "flexDirection": "row",
            "margin": 10,
            "width": 600,
          },
          Object {
            "borderColor": "gray",
          },
        ]
      }
    >
      <Text
        allowFontScaling={false}
        style={
          Array [
            Object {
              "color": "gray",
              "fontSize": 30,
            },
            Object {
              "marginLeft": 10,
            },
            Object {
              "fontFamily": "Material Design Icons",
              "fontStyle": "normal",
              "fontWeight": "normal",
            },
            Object {},
          ]
        }
      >
        
      </Text>
      <TextInput
        allowFontScaling={true}
        autoCompleteType="password"
        onChangeText={[Function]}
        placeholder="Senha"
        rejectResponderTermination={true}
        secureTextEntry={true}
        style={
          Object {
            "flex": 1,
            "fontSize": 18,
            "padding": 10,
          }
        }
        testID="passwordInput"
        underlineColorAndroid="transparent"
        value=""
      />
      <Text
        allowFontScaling={false}
        onPress={[Function]}
        style={
          Array [
            Object {
              "color": "gray",
              "fontSize": 30,
            },
            Object {
              "marginRight": 10,
            },
            Object {
              "fontFamily": "Material Design Icons",
              "fontStyle": "normal",
              "fontWeight": "normal",
            },
            Object {},
          ]
        }
        testID="password-toggle-visibility"
      >
        
      </Text>
    </View>
  </View>
  <View
    style={
      Object {
        "flexDirection": "row",
        "justifyContent": "center",
      }
    }
  >
    <View
      accessible={true}
      focusable={true}
      isTVSelectable={true}
      onClick={[Function]}
      onResponderGrant={[Function]}
      onResponderMove={[Function]}
      onResponderRelease={[Function]}
      onResponderTerminate={[Function]}
      onResponderTerminationRequest={[Function]}
      onStartShouldSetResponder={[Function]}
      style={
        Object {
          "backgroundColor": "#123456",
          "borderRadius": 30,
          "height": 55,
          "marginRight": 10,
          "opacity": 1,
          "width": 150,
        }
      }
      testID="signInButton"
    >
      <View
        style={
          Object {
            "alignItems": "center",
            "flex": 1,
            "flexDirection": "row",
            "justifyContent": "center",
          }
        }
      >
        <Text
          style={
            Array [
              Object {
                "color": "white",
                "fontSize": 16,
              },
              null,
            ]
          }
        >
          Cadastro
        </Text>
      </View>
    </View>
    <View
      accessible={true}
      focusable={true}
      isTVSelectable={true}
      onClick={[Function]}
      onResponderGrant={[Function]}
      onResponderMove={[Function]}
      onResponderRelease={[Function]}
      onResponderTerminate={[Function]}
      onResponderTerminationRequest={[Function]}
      onStartShouldSetResponder={[Function]}
      style={
        Object {
          "backgroundColor": "#123456",
          "borderRadius": 30,
          "height": 55,
          "marginLeft": 10,
          "opacity": 1,
          "width": 150,
        }
      }
      testID="loginButton"
    >
      <View
        style={
          Object {
            "alignItems": "center",
            "flex": 1,
            "flexDirection": "row",
            "justifyContent": "center",
          }
        }
      >
        <Text
          style={
            Array [
              Object {
                "color": "white",
                "fontSize": 16,
              },
              null,
            ]
          }
        >
          Login
        </Text>
      </View>
    </View>
  </View>
</View>
`;
